[arbx.club/index.html]
[backblue.gif]
[fade.gif]
[index.html]
[arbx.club/images/gamebag-favico.png]
[arbx.club/social-share-image.html]
[arbx.club/images/css8a7c8a7c8a7c.css]
[arbx.club/images/font-awesome.min.css]
[arbx.club/images/animate.css]
[arbx.club/images/bootstrap.min.css]
[arbx.club/images/sweetalert2.min.css]
[arbx.club/images/magnific-popup.css]
[arbx.club/images/style.css]
[arbx.club/images/custom-css.css]
[arbx.club/images/fancyselect.css]
[arbx.club/images/gamebaglogo.png]
[arbx.club/images/header.png]
[arbx.club/images/ft-1.png]
[arbx.club/images/fancyselect.js]
[arbx.club/images/jquery.countto.js]
[arbx.club/images/sweetalert2.min.js]
[arbx.club/images/validator.min.js]
[arbx.club/images/com.js]
[arbx.club/images/form-scripts.js]
[arbx.club/images/jquery.magnific-popup.min.js]
[arbx.club/images/jquery-ui.min.js]
[arbx.club/images/sticky.js]
[arbx.club/images/scripts.js]
[arbx.club/index.html]
[arbx.club/social-share-image.html]
[arbx.club/images/css8a7c8a7c8a7c.css]
[arbx.club/images/main.js]
[arbx.club/images/jquery-3.2.1.js]
[arbx.club/images/font-awesome.min.css]
[arbx.club/images/glyphicons-halflings-regulard41dd41dd41dd41dd41dd41d.eot]
[arbx.club/glyphicons-halflings-regular.html]
[arbx.club/images/glyphicons-halflings-regular.woff]
[arbx.club/images/glyphicons-halflings-regular.ttf]
[arbx.club/images/bootstrap.min.css]
[arbx.club/images/glyphicons-halflings-regular.svg]
[arbx.club/images/animate.css]
[arbx.club/images/sweetalert2.min.css]
[arbx.club/images/magnific-popup.css]
[arbx.club/images/fancyselect.css]
[arbx.club/images/bebasneue_bold-webfont.eot]
[arbx.club/images/bebasneue_bold-webfontd41dd41dd41dd41dd41dd41d.eot]
[arbx.club/images/fontawesome-webfont329532953295.svg]
[arbx.club/bebasneue_bold-webfont.html]
[arbx.club/images/bebasneue_bold-webfont.woff]
[arbx.club/images/bebasneue_bold-webfont.ttf]
[arbx.club/images/bebasneue_regular-webfont.eot]
[arbx.club/images/bebasneue_regular-webfontd41dd41dd41dd41dd41dd41d.eot]
[arbx.club/bebasneue_regular-webfont.html]
[arbx.club/images/bebasneue_regular-webfont.woff]
[arbx.club/images/bebasneue_regular-webfont.ttf]
[arbx.club/images/et-line.eot]
[arbx.club/images/et-lined41dd41dd41dd41dd41dd41d.eot]
[arbx.club/images/et-line.woff]
[arbx.club/images/et-line.ttf]
[arbx.club/images/pr-l.png]
[arbx.club/images/et-line.svg]
[arbx.club/images/pr-r.png]
[arbx.club/images/main-bg.jpg]
[arbx.club/images/panel-overlay.png]
[arbx.club/images/smallbtnbg-r.png]
[arbx.club/images/smallbtnbg.png]
[arbx.club/images/smallbtnbg-bw.png]
[arbx.club/images/button-dot.png]
[arbx.club/images/btn-img.png]
[arbx.club/images/smallbtnbg-r-bw.png]
[arbx.club/images/ft-2.html]
[arbx.club/images/ft-3.html]
[arbx.club/images/ft-4.html]
[arbx.club/images/verify.png]
[arbx.club/images/style.css]
[arbx.club/images/custom-css.css]
[arbx.club/images/fontawesome-webfont329532953295.svg]
[arbx.club/glyphicons-halflings-regular.html]
[arbx.club/images/glyphicons-halflings-regular.svg]
[arbx.club/bebasneue_bold-webfont.html]
[arbx.club/bebasneue_regular-webfont.html]
[arbx.club/images/et-line.svg]
[arbx.club/images/glyphicons-halflings-regular.eot]
[arbx.club/images/ft-2.html]
[arbx.club/images/ft-3.html]
[arbx.club/images/ft-4.html]
